// Jest Snapshot v1, https://goo.gl/fbAQLP

exports[`Prueblas en GifItem Debe hacer match con el snapshot 1`] = `
<div>
  <div
    class="card"
  >
    GifItem
    <img
      alt="Earth"
      src="https://earth.com/live.jpg"
    />
    <p>
      Earth
    </p>
  </div>
</div>
`;
